Back.png
Blue 0.png
Blue 1.png
Blue 2.png
Blue 3.png
Blue 4.png
Blue 5.png
Blue 6.png
Blue 7.png
Blue 8.png
Blue 9.png
Blue Draw Four.png
Blue Draw Two.png
Blue Reverse.png
Blue Skip.png
Blue Wild.png
Disabled Blue 0.png
Disabled Blue 1.png
Disabled Blue 2.png
Disabled Blue 3.png
Disabled Blue 4.png
Disabled Blue 5.png
Disabled Blue 6.png
Disabled Blue 7.png
Disabled Blue 8.png
Disabled Blue 9.png
Disabled Blue Reverse.png
Disabled Blue Skip.png
Disabled Green 0.png
Disabled Green 1.png
Disabled Green 2.png
Disabled Green 3.png
Disabled Green 4.png
Disabled Green 5.png
Disabled Green 6.png
Disabled Green 7.png
Disabled Green 8.png
Disabled Green 9.png
Disabled Green Reverse.png
Disabled Green Skip.png
Disabled Red 0.png
Disabled Red 1.png
Disabled Red 2.png
Disabled Red 3.png
Disabled Red 4.png
Disabled Red 5.png
Disabled Red 6.png
Disabled Red 7.png
Disabled Red 8.png
Disabled Red 9.png
Disabled Red Reverse.png
Disabled Red Skip.png
Disabled Wild Draw Four.png
Disabled Wild Wild.png
Disabled Yellow 0.png
Disabled Yellow 1.png
Disabled Yellow 2.png
Disabled Yellow 3.png
Disabled Yellow 4.png
Disabled Yellow 5.png
Disabled Yellow 6.png
Disabled Yellow 7.png
Disabled Yellow 8.png
Disabled Yellow 9.png
Disabled Yellow Reverse.png
Disabled Yellow Skip.png
Green 0.png
Green 1.png
Green 2.png
Green 3.png
Green 4.png
Green 5.png
Green 6.png
Green 7.png
Green 8.png
Green 9.png
Green Draw Four.png
Green Draw Two.png
Green Reverse.png
Green Skip.png
Green Wild.png
Red 0.png
Red 1.png
Red 2.png
Red 3.png
Red 4.png
Red 5.png
Red 6.png
Red 7.png
Red 8.png
Red 9.png
Red Draw Four.png
Red Draw Two.png
Red Reverse.png
Red Skip.png
Red Wild.png
Wild Draw Four.png
Wild Wild.png
Yellow 0.png
Yellow 1.png
Yellow 2.png
Yellow 3.png
Yellow 4.png
Yellow 5.png
Yellow 6.png
Yellow 7.png
Yellow 8.png
Yellow 9.png
Yellow Draw Four.png
Yellow Draw Two.png
Yellow Reverse.png
Yellow Skip.png
Yellow Wild.png